<html>
<body>
<pre>
<h1>µVision Build Log</h1>
<h2>Tool Versions:</h2>
IDE-Version: ¦ÌVision V5.18.0.0
Copyright (C) 2016 ARM Ltd and ARM Germany GmbH. All rights reserved.
License Information: qin Microsoft, Microsoft, LIC=IC9X7-EDQXL-KTM3H-W2L5J-7IGFV-MI51Z
 
Tool Versions:
Toolchain:       MDK-ARM Professional  Version: 5.18
Toolchain Path:  C:\Keil_v5\ARM\ARMCC\Bin
C Compiler:      Armcc.exe V5.06 update 1 (build 61)
Assembler:       Armasm.exe V5.06 update 1 (build 61)
Linker/Locator:  ArmLink.exe V5.06 update 1 (build 61)
Library Manager: ArmAr.exe V5.06 update 1 (build 61)
Hex Converter:   FromElf.exe V5.06 update 1 (build 61)
CPU DLL:         SARMCM3.DLL V5.18
Dialog DLL:      DARMCM1.DLL V1.12.0.0
Target DLL:      Segger\JL2CM3.dll V2.99.18.0
Dialog DLL:      TARMCM1.DLL V1.9.0.0
 
<h2>Project:</h2>
E:\¶ÏÂ·Æ÷\JDDL_ESEM16\Project\esem16_sdk.uvproj
Project File Date:  11/07/2019

<h2>Output:</h2>
*** Using Compiler 'V5.06 update 1 (build 61)', folder: 'C:\Keil_v5\ARM\ARMCC\Bin'
Rebuild target 'sdk'
assembling startup_ESEM16.s...
compiling intrrupt.c...
compiling task.c...
compiling init.c...
compiling common.c...
compiling main.c...
compiling emu.c...
compiling uart.c...
compiling esem16_flashiap.c...
compiling system_esem16.c...
compiling esem16_em.c...
compiling esem16_scu.c...
compiling esem16_gpio.c...
compiling esem16_scs.c...
compiling esem16_wdt.c...
linking...
Program Size: Code=16140 RO-data=744 RW-data=52 ZI-data=1232  
FromELF: creating hex file...
".\Objects\esem16_sdk.axf" - 0 Error(s), 0 Warning(s).
Build Time Elapsed:  00:00:08
</pre>
</body>
</html>
